Retrieving project…
Deploying noaerth/cheetahbearfuel
Uploading [--------------------] (0.0B/82.4KB)
Uploading [=======-------------] (29.8KB/82.4KB)
Uploading [==========----------] (41.2KB/82.4KB)
Uploading [=================---] (73.2KB/82.4KB)
Uploading [====================] (82.4KB/82.4KB)
Inspect: https://vercel.com/noaerth/cheetahbearfuel/FrrbB8LJ7pFzwpXrtoEBFuxhbfkL [2s]
Production: https://cheetahbearfuel-9ejxa6py4-noaerth.vercel.app [2s]
https://cheetahbearfuel-9ejxa6py4-noaerth.vercel.appBuilding...
Building: Running build in Washington, D.C., USA (East) – iad1
Building: Build machine configuration: 2 cores, 8 GB
Building: Retrieving list of deployment files...
Building: Retrieving list of deployment files...
Building: Downloading 28 deployment files...
Building: Restored build cache from previous deployment (ENNuoBvRUgTD3mcn7dvyxJgPeA5o)
Building: Running "vercel build"
Building: Vercel CLI 50.38.2
Building: Installing dependencies...
Building: up to date in 800ms
Building: 144 packages are looking for funding
Building: run `npm fund` for details
Building: Detected Next.js version: 16.2.1
Building: Running "npm run build"
Building: > cheetahbearfuel@0.1.0 build
Building: > next build
Building: ▲ Next.js 16.2.1 (Turbopack)
Building: Creating an optimized production build ...
Building: ✓ Compiled successfully in 4.8s
Building: Running TypeScript ...
Building: Finished TypeScript in 3.1s ...
Building: Collecting page data using 1 worker ...
Building: Generating static pages using 1 worker (0/4) ...
Building: Generating static pages using 1 worker (1/4)
Building: Generating static pages using 1 worker (2/4)
Building: Generating static pages using 1 worker (3/4)
Building: ✓ Generating static pages using 1 worker (4/4) in 126ms
Building: Finalizing page optimization ...
Building: Running onBuildComplete from Vercel
Building: Route (app)
Building: ┌ ○ /
Building: ├ ○ /_not-found
Building: └ ƒ /api/waitlist
Building: ○  (Static)   prerendered as static content
Building: ƒ  (Dynamic)  server-rendered on demand
Building: Build Completed in /vercel/output [12s]
Building: Deploying outputs...
[2K[1A[2K[GProduction: https://cheetahbearfuel-9ejxa6py4-noaerth.vercel.app [22s]
Completing...
Aliased: https://cheetahbearfuel.vercel.app [22s]
